https://karmadigstorage.blob.core.windows.net/arch/churl/20140101/bellingham.backpage.com/FemaleEscorts/120-morning-special-dont-miss-this-25/14910841	{"bodyText": {"content": "\r\n      \r\n        \r\n        \r\n          Hello gentlemen I'm back in town and for those of you who know me know I'm great at what I do!!.. for those of you who don't know me then ley me tell I'm a sexxy petite Burnett with a cuddly personality that you can't resist! !.. my pics are 100% real so if u like what you see call me now and set up sum time with the best!: 702-539-3220. From 8am-noon I'm having a $120 morningbspecial!!\r\n        \r\n      \r\n    ", "objectType": "Text", "role": "body"}, "cacheUrl": "https://karmadigstorage.blob.core.windows.net/arch/churl/20140101/bellingham.backpage.com/FemaleEscorts/120-morning-special-dont-miss-this-25/14910841", "created": "2013-12-18T10:17:00", "crosslinks": [], "images": [{"cacheUrl": "http://studio.isi.edu/arch/data/escort/20140101/images1.backpage.com/imager/u/medium/106356692/GetAttachment-14.jpg", "objectType": "Image", "url": "images1.backpage.com/imager/u/medium/106356692/GetAttachment-14.jpg"}, {"cacheUrl": "http://studio.isi.edu/arch/data/escort/20140101/images3.backpage.com/imager/u/medium/106356694/GetAttachment-9.jpg", "objectType": "Image", "url": "images3.backpage.com/imager/u/medium/106356694/GetAttachment-9.jpg"}, {"cacheUrl": "http://studio.isi.edu/arch/data/escort/20140101/images1.backpage.com/imager/u/medium/106356695/GetAttachment-11.jpg", "objectType": "Image", "url": "images1.backpage.com/imager/u/medium/106356695/GetAttachment-11.jpg"}, {"cacheUrl": "http://studio.isi.edu/arch/data/escort/20140101/images2.backpage.com/imager/u/medium/106356697/GetAttachment-3.jpg", "objectType": "Image", "url": "images2.backpage.com/imager/u/medium/106356697/GetAttachment-3.jpg"}, {"cacheUrl": "http://studio.isi.edu/arch/data/escort/20140101/images2.backpage.com/imager/u/medium/106356699/GetAttachment-4.jpg", "objectType": "Image", "url": "images2.backpage.com/imager/u/medium/106356699/GetAttachment-4.jpg"}, {"cacheUrl": "http://studio.isi.edu/arch/data/escort/20140101/images3.backpage.com/imager/u/medium/106356700/GetAttachment-1.jpg", "objectType": "Image", "url": "images3.backpage.com/imager/u/medium/106356700/GetAttachment-1.jpg"}, {"cacheUrl": "http://studio.isi.edu/arch/data/escort/20140101/images1.backpage.com/imager/u/medium/106356701/GetAttachment-7.jpg", "objectType": "Image", "url": "images1.backpage.com/imager/u/medium/106356701/GetAttachment-7.jpg"}, {"cacheUrl": "http://studio.isi.edu/arch/data/escort/20140101/images2.backpage.com/imager/u/medium/106356702/GetAttachment-20.jpg", "objectType": "Image", "url": "images2.backpage.com/imager/u/medium/106356702/GetAttachment-20.jpg"}], "locationText": {"content": "Bellingham, bell/blaine/outcall", "objectType": "Text", "role": "location"}, "market": "BLI", "objectType": "Post", "sid": "14910841", "sitekey": "bellingham", "source": "backpage", "statedAge": 25, "titleText": {"content": "$120 Morning Special!! Dont miss this! - 25", "objectType": "Text", "role": "title"}, "url": "https://karmadigstorage.blob.core.windows.net/arch/churl/20140101/bellingham.backpage.com/FemaleEscorts/120-morning-special-dont-miss-this-25/14910841"}
https://karmadigstorage.blob.core.windows.net/arch/churl/20140101/bellingham.backpage.com/FemaleEscorts/160-incall-special-_w_a_y-_-_b_e_t_t_e_r_-160-24/9436459	{"bodyText": {"content": "\r\n      \r\n        \r\n        \r\n          ~\u2022\u2605\u2022~ Let Me Become Your ADDICTION!! ~\u2022\u2605\u2022~I am the only one you'll ever need to fulfill your fantasies!I'm very open-minded and ready to take you to paradise!!Are you ready for me...Ready to become addicted to the most sensual girl around??\u00a0Outcall Specials Are Available Extra Depend On Area Courtney (425)299-4207 No Blocked Calls Please!!! -420 Friendly-\r\n        \r\n      \r\n    ", "objectType": "Text", "role": "body"}, "cacheUrl": "https://karmadigstorage.blob.core.windows.net/arch/churl/20140101/bellingham.backpage.com/FemaleEscorts/160-incall-special-_w_a_y-_-_b_e_t_t_e_r_-160-24/9436459", "created": "2013-12-17T18:48:00", "crosslinks": [], "images": [{"cacheUrl": "http://studio.isi.edu/arch/data/escort/20140101/images3.backpage.com/imager/u/medium/110895440/image.jpg", "objectType": "Image", "url": "images3.backpage.com/imager/u/medium/110895440/image.jpg"}, {"cacheUrl": "http://studio.isi.edu/arch/data/escort/20140101/images1.backpage.com/imager/u/medium/110895441/image.jpg", "objectType": "Image", "url": "images1.backpage.com/imager/u/medium/110895441/image.jpg"}, {"cacheUrl": "http://studio.isi.edu/arch/data/escort/20140101/images2.backpage.com/imager/u/medium/110895442/image.jpg", "objectType": "Image", "url": "images2.backpage.com/imager/u/medium/110895442/image.jpg"}, {"cacheUrl": "http://studio.isi.edu/arch/data/escort/20140101/images3.backpage.com/imager/u/medium/110895443/image.jpg", "objectType": "Image", "url": "images3.backpage.com/imager/u/medium/110895443/image.jpg"}, {"cacheUrl": "http://studio.isi.edu/arch/data/escort/20140101/images1.backpage.com/imager/u/medium/110895444/image.jpg", "objectType": "Image", "url": "images1.backpage.com/imager/u/medium/110895444/image.jpg"}, {"cacheUrl": "http://studio.isi.edu/arch/data/escort/20140101/images2.backpage.com/imager/u/medium/110895445/image.jpg", "objectType": "Image", "url": "images2.backpage.com/imager/u/medium/110895445/image.jpg"}, {"cacheUrl": "http://studio.isi.edu/arch/data/escort/20140101/images3.backpage.com/imager/u/medium/110895446/image.jpg", "objectType": "Image", "url": "images3.backpage.com/imager/u/medium/110895446/image.jpg"}], "locationText": {"content": "Bellingham", "objectType": "Text", "role": "location"}, "market": "BLI", "objectType": "Post", "sid": "9436459", "sitekey": "bellingham", "source": "backpage", "statedAge": 24, "titleText": {"content": "$160\ud83d\udc44\ud83d\udc44(\u00af`\u2022\u2605\u2022\u00b4\u00af) INCALL SPECIAL \u2022\ud83d\udeba\ud83d\udeb9\u2022 __W_A_Y __ \u2022\ud83d\udeba\ud83d\udeb9\u2022 __B_E_T_T_E_R__ (\u00af`\u2022\u2605\u2022\u00b4\u00af)\ud83d\udc44\ud83d\udc44$160 - 24", "objectType": "Text", "role": "title"}, "url": "https://karmadigstorage.blob.core.windows.net/arch/churl/20140101/bellingham.backpage.com/FemaleEscorts/160-incall-special-_w_a_y-_-_b_e_t_t_e_r_-160-24/9436459"}
https://karmadigstorage.blob.core.windows.net/arch/churl/20140101/bellingham.backpage.com/FemaleEscorts/andgtimply-amazing-pecials-21/15073501	{"bodyText": {"content": "\r\n      \r\n        \r\n        \r\n          Hello Gentleman!\n\nLooking for an upscale experience with a classy lady, than look no further. Carmella is new to your city and ready to have some fun!! I provide an unrushed session! 100% independant 100% real pics\n\nAsk about my sexy two girl specials\n\n2Five3-22seven-7503\r\n        \r\n      \r\n    ", "objectType": "Text", "role": "body"}, "cacheUrl": "https://karmadigstorage.blob.core.windows.net/arch/churl/20140101/bellingham.backpage.com/FemaleEscorts/andgtimply-amazing-pecials-21/15073501", "created": "2013-12-05T22:23:00", "crosslinks": [], "images": [{"cacheUrl": "http://studio.isi.edu/arch/data/escort/20140101/images2.backpage.com/imager/u/medium/109238182/DSC_0011.jpg", "objectType": "Image", "url": "images2.backpage.com/imager/u/medium/109238182/DSC_0011.jpg"}, {"cacheUrl": "http://studio.isi.edu/arch/data/escort/20140101/images1.backpage.com/imager/u/medium/109238183/DSC_0014.jpg", "objectType": "Image", "url": "images1.backpage.com/imager/u/medium/109238183/DSC_0014.jpg"}, {"cacheUrl": "http://studio.isi.edu/arch/data/escort/20140101/images2.backpage.com/imager/u/medium/109238184/DSC_0001.jpg", "objectType": "Image", "url": "images2.backpage.com/imager/u/medium/109238184/DSC_0001.jpg"}, {"cacheUrl": "http://studio.isi.edu/arch/data/escort/20140101/images3.backpage.com/imager/u/medium/109238186/DSC_0101.jpg", "objectType": "Image", "url": "images3.backpage.com/imager/u/medium/109238186/DSC_0101.jpg"}], "locationText": {"content": "Bellingham, Bellingham Incall", "objectType": "Text", "role": "location"}, "market": "BLI", "objectType": "Post", "sid": "15073501", "sitekey": "bellingham", "source": "backpage", "statedAge": 21, "titleText": {"content": ">\u00b0*\u00b0*\u00b0*\u00b0\u00a7imply Amazing\u00b0*\u00b0*\u00b0*\u00b0 $pecials!!! - 21", "objectType": "Text", "role": "title"}, "url": "https://karmadigstorage.blob.core.windows.net/arch/churl/20140101/bellingham.backpage.com/FemaleEscorts/andgtimply-amazing-pecials-21/15073501"}
https://karmadigstorage.blob.core.windows.net/arch/churl/20140101/bellingham.backpage.com/FemaleEscorts/andgtimply-amazing-pecials-available-247-21/15075819	{"bodyText": {"content": "\r\n      \r\n        \r\n        \r\n          Hello Gentleman!\n\nLooking for an upscale experience with a classy lady, than look no further. Carmella is new to your city and ready to have some fun!! I provide an unrushed session! 100% independant 100% real pics... Im only in town for a few days, catch me while u can!!\n\nAsk about my sexy two girl specials\n\n2Five3-22seven-7503\r\n        \r\n      \r\n    ", "objectType": "Text", "role": "body"}, "cacheUrl": "https://karmadigstorage.blob.core.windows.net/arch/churl/20140101/bellingham.backpage.com/FemaleEscorts/andgtimply-amazing-pecials-available-247-21/15075819", "created": "2013-12-06T10:29:00", "crosslinks": [], "images": [{"cacheUrl": "http://studio.isi.edu/arch/data/escort/20140101/images2.backpage.com/imager/u/medium/109238182/DSC_0011.jpg", "objectType": "Image", "url": "images2.backpage.com/imager/u/medium/109238182/DSC_0011.jpg"}, {"cacheUrl": "http://studio.isi.edu/arch/data/escort/20140101/images1.backpage.com/imager/u/medium/109238183/DSC_0014.jpg", "objectType": "Image", "url": "images1.backpage.com/imager/u/medium/109238183/DSC_0014.jpg"}, {"cacheUrl": "http://studio.isi.edu/arch/data/escort/20140101/images2.backpage.com/imager/u/medium/109238184/DSC_0001.jpg", "objectType": "Image", "url": "images2.backpage.com/imager/u/medium/109238184/DSC_0001.jpg"}, {"cacheUrl": "http://studio.isi.edu/arch/data/escort/20140101/images3.backpage.com/imager/u/medium/109238186/DSC_0101.jpg", "objectType": "Image", "url": "images3.backpage.com/imager/u/medium/109238186/DSC_0101.jpg"}], "locationText": {"content": "Bellingham, Bellingham Incall", "objectType": "Text", "role": "location"}, "market": "BLI", "objectType": "Post", "sid": "15075819", "sitekey": "bellingham", "source": "backpage", "statedAge": 21, "titleText": {"content": ">\u00b0*\u00b0*\u00b0*\u00b0\u00a7imply Amazing\u00b0*\u00b0*\u00b0*\u00b0 $pecials!!! Available 24/7!!! - 21", "objectType": "Text", "role": "title"}, "url": "https://karmadigstorage.blob.core.windows.net/arch/churl/20140101/bellingham.backpage.com/FemaleEscorts/andgtimply-amazing-pecials-available-247-21/15075819"}
https://karmadigstorage.blob.core.windows.net/arch/churl/20140101/bellingham.backpage.com/FemaleEscorts/are-you-looking-for-something-with-no-strings-attached/12995854	{"bodyText": {"content": "\nAre you interested in meeting someone for a good time with no strings attached? There are plenty of local women seeking men in your area -- and vice versa.\n While everyone knows about dating sites, the truth is that not everyone is looking for a long-term relationship. Many people just want to enjoy themselves and the company of others.\n\n\n\n\n", "objectType": "Text", "role": "body"}, "cacheUrl": "https://karmadigstorage.blob.core.windows.net/arch/churl/20140101/bellingham.backpage.com/FemaleEscorts/are-you-looking-for-something-with-no-strings-attached/12995854", "created": "2013-12-31T00:02:00", "crosslinks": [], "images": [{"cacheUrl": "http://studio.isi.edu/arch/data/escort/20140101/images1.backpage.com/imager/u/medium/105962282/tumblr_mu5w2av9S71swv68oo1_1280.jpg", "objectType": "Image", "url": "images1.backpage.com/imager/u/medium/105962282/tumblr_mu5w2av9S71swv68oo1_1280.jpg"}, {"cacheUrl": "http://studio.isi.edu/arch/data/escort/20140101/images1.backpage.com/imager/u/medium/107117436/tumblr_mqb9wlv10j1s3kdljo1_500.jpg", "objectType": "Image", "url": "images1.backpage.com/imager/u/medium/107117436/tumblr_mqb9wlv10j1s3kdljo1_500.jpg"}, {"cacheUrl": "http://studio.isi.edu/arch/data/escort/20140101/images2.backpage.com/imager/u/medium/107117437/2347402-study-break.png", "objectType": "Image", "url": "images2.backpage.com/imager/u/medium/107117437/2347402-study-break.png"}], "locationText": {"content": "Bellingham, Everett, Moses Lake, Olympia, Pullman / Moscow, Seattle, Skagit County, Spokane, Tacoma, Tri-Cities, WA, Wenatchee, Yakima", "objectType": "Text", "role": "location"}, "market": "BLI", "objectType": "Post", "sid": "12995854", "sitekey": "bellingham", "source": "backpage", "statedAge": 0, "titleText": {"content": "Are you looking for something with no strings attached!!??", "objectType": "Text", "role": "title"}, "url": "https://karmadigstorage.blob.core.windows.net/arch/churl/20140101/bellingham.backpage.com/FemaleEscorts/are-you-looking-for-something-with-no-strings-attached/12995854"}
https://karmadigstorage.blob.core.windows.net/arch/churl/20140101/bellingham.backpage.com/FemaleEscorts/baby-girl-has-arrived-28/15056065	{"bodyText": {"content": "\r\n      \r\n        \r\n        \r\n          New to town. Who wants to help me see the sights?\nRunning my new girl special. ONLY 100 for a half hour!\nCome show me around.......\nOutcall only guys!\nNumber is 360-325-1923\nNo text or blocked calls\n\n180 for up to an hour\n\nCall me!\r\n        \r\n      \r\n    ", "objectType": "Text", "role": "body"}, "cacheUrl": "https://karmadigstorage.blob.core.windows.net/arch/churl/20140101/bellingham.backpage.com/FemaleEscorts/baby-girl-has-arrived-28/15056065", "created": "2013-12-04T00:35:00", "crosslinks": [], "images": [{"cacheUrl": "http://studio.isi.edu/arch/data/escort/20140101/images3.backpage.com/imager/u/medium/108891552/image.jpg", "objectType": "Image", "url": "images3.backpage.com/imager/u/medium/108891552/image.jpg"}, {"cacheUrl": "http://studio.isi.edu/arch/data/escort/20140101/images2.backpage.com/imager/u/medium/108891556/image.jpg", "objectType": "Image", "url": "images2.backpage.com/imager/u/medium/108891556/image.jpg"}, {"cacheUrl": "http://studio.isi.edu/arch/data/escort/20140101/images2.backpage.com/imager/u/medium/108891558/image.jpg", "objectType": "Image", "url": "images2.backpage.com/imager/u/medium/108891558/image.jpg"}], "locationText": {"content": "Bellingham", "objectType": "Text", "role": "location"}, "market": "BLI", "objectType": "Post", "sid": "15056065", "sitekey": "bellingham", "source": "backpage", "statedAge": 28, "titleText": {"content": "Baby Girl has Arrived ! - 28", "objectType": "Text", "role": "title"}, "url": "https://karmadigstorage.blob.core.windows.net/arch/churl/20140101/bellingham.backpage.com/FemaleEscorts/baby-girl-has-arrived-28/15056065"}
https://karmadigstorage.blob.core.windows.net/arch/churl/20140101/bellingham.backpage.com/FemaleEscorts/back-and-in-bel-100180-360-389-1455-22/14951600	{"bodyText": {"content": "\r\n      \r\n        \r\n        \r\n          Originally from Seattle but Im out in Bellingham for a brief moment so if you wanna have some fun with a sexy young energetic 22 year old then give me a call or shoot me a text @ 360*389*1455\n100;180 roses\r\n        \r\n      \r\n    ", "objectType": "Text", "role": "body"}, "cacheUrl": "https://karmadigstorage.blob.core.windows.net/arch/churl/20140101/bellingham.backpage.com/FemaleEscorts/back-and-in-bel-100180-360-389-1455-22/14951600", "created": "2013-11-18T17:25:00", "crosslinks": [], "images": [{"cacheUrl": "http://studio.isi.edu/arch/data/escort/20140101/images1.backpage.com/imager/u/medium/107129041/2013-09-07_23.35.44.jpg", "objectType": "Image", "url": "images1.backpage.com/imager/u/medium/107129041/2013-09-07_23.35.44.jpg"}, {"cacheUrl": "http://studio.isi.edu/arch/data/escort/20140101/images2.backpage.com/imager/u/medium/107129045/2013-09-07_22.33.32.jpg", "objectType": "Image", "url": "images2.backpage.com/imager/u/medium/107129045/2013-09-07_22.33.32.jpg"}], "locationText": {"content": "Bellingham", "objectType": "Text", "role": "location"}, "market": "BLI", "objectType": "Post", "sid": "14951600", "sitekey": "bellingham", "source": "backpage", "statedAge": 22, "titleText": {"content": "Back and in Bel! 100;180 (360) 389-1455 - 22", "objectType": "Text", "role": "title"}, "url": "https://karmadigstorage.blob.core.windows.net/arch/churl/20140101/bellingham.backpage.com/FemaleEscorts/back-and-in-bel-100180-360-389-1455-22/14951600"}
